// Jest Snapshot v1, https://goo.gl/fbAQLP

exports[`typography plugin generates correct css 1`] = `
":root {
    --sans: Helvetica, Arial, sans-serif
}
.f-h1 {
    font-family: var(--sans);
    font-size: 2rem;
    line-height: 1.2;
    letter-spacing: -0.02em;
    -moz-osx-font-smoothing: grayscale;
    -webkit-font-smoothing: antialiased;
    --bold-weight: 500
}
.f-h1 b, .f-h1 strong {
    font-weight: var(--bold-weight)
}
@media (min-width: 1024px) {
    .f-h1 {
        font-size: 3rem
    }
    .lg\\:f-h1 {
        font-family: var(--sans);
        font-size: 2rem;
        line-height: 1.2;
        letter-spacing: -0.02em;
        -moz-osx-font-smoothing: grayscale;
        -webkit-font-smoothing: antialiased;
        --bold-weight: 500
    }
    .lg\\:f-h1 b,.lg\\:f-h1 strong {
        font-weight: var(--bold-weight)
    }
    @media (min-width: 1024px) {
        .lg\\:f-h1 {
            font-size: 3rem
        }
    }
}"
`;
